// Jest Snapshot v1, https://goo.gl/fbAQLP

exports[`matches snapshot 1`] = `
<DocumentFragment>
  <div
    class="TodoList"
  >
    <div
      class="NewTodoForm"
    >
      <h3>
        Todo List
      </h3>
      <form>
        <label
          for="task"
        >
          Add Todo
        </label>
        <input
          id="task"
          name="task"
          placeholder="Enter new todo"
          type="text"
          value=""
        />
        <button>
          Submit
        </button>
      </form>
    </div>
    <div
      class="MuiPaper-root MuiTableContainer-root MuiPaper-elevation1 MuiPaper-rounded"
    >
      <table
        class="MuiTable-root makeStyles-table-2"
      >
        <tbody
          class="MuiTableBody-root"
        />
      </table>
    </div>
  </div>
</DocumentFragment>
`;
