// Jest Snapshot v1, https://goo.gl/fbAQLP

exports[`matches snapshot 1`] = `
<DocumentFragment>
  <div
    class="BoxList"
  >
    <h3>
      Box Creator
    </h3>
    <div
      class="NewBoxForm"
    >
      <form>
        <label
          for="color"
        >
          Color
        </label>
        <input
          id="color"
          name="color"
          placeholder="Enter color"
          type="text"
          value=""
        />
        <label
          for="width"
        >
          Width
        </label>
        <input
          id="width"
          name="width"
          placeholder="Enter width"
          type="text"
          value=""
        />
        <label
          for="height"
        >
          Height
        </label>
        <input
          id="height"
          name="height"
          placeholder="Enter height"
          type="text"
          value=""
        />
        <button
          type="submit"
        >
          Create Box
        </button>
      </form>
    </div>
    <div />
  </div>
</DocumentFragment>
`;
